2025-11-10 17:34:29 - __main__ - INFO - 
================================================================================
2025-11-10 17:34:29 - __main__ - INFO - INICIANDO PIPELINE COMPLETO DE MACHINE LEARNING
2025-11-10 17:34:29 - __main__ - INFO - ================================================================================
2025-11-10 17:34:29 - __main__ - INFO - 
================================================================================
2025-11-10 17:34:29 - __main__ - INFO - PREPROCESAMIENTO DE DATOS
2025-11-10 17:34:29 - __main__ - INFO - ================================================================================
2025-11-10 17:34:29 - __main__ - INFO - 
>>> Cargando datos raw...
2025-11-10 17:34:29 - __main__ - INFO - Columnas categóricas: ['gender', 'education_level', 'marital_status', 'income_category', 'card_category']
2025-11-10 17:34:29 - __main__ - INFO - 
>>> Ejecutando pipeline de preprocesamiento...
2025-11-10 17:34:30 - __main__ - INFO - 
>>> Guardando datos procesados...
2025-11-10 17:34:30 - __main__ - INFO - 
>>> Guardando scaler...
2025-11-10 17:34:30 - __main__ - INFO - 
PREPROCESAMIENTO COMPLETADO EXITOSAMENTE
2025-11-10 17:34:30 - __main__ - INFO - 
================================================================================
2025-11-10 17:34:30 - __main__ - INFO - ENTRENAMIENTO DE MODELOS
2025-11-10 17:34:30 - __main__ - INFO - ================================================================================
2025-11-10 17:37:25 - __main__ - INFO - 
================================================================================
2025-11-10 17:37:25 - __main__ - INFO - RESUMEN FINAL - COMPARACION DE MODELOS
2025-11-10 17:37:25 - __main__ - INFO - ================================================================================
2025-11-10 17:37:25 - __main__ - INFO - 
MEJOR MODELO: LightGBM
2025-11-10 17:37:25 - __main__ - INFO -    ROC-AUC: 0.9536
2025-11-10 17:37:25 - __main__ - INFO - 
ENTRENAMIENTO COMPLETADO EXITOSAMENTE
2025-11-10 17:37:25 - __main__ - INFO - 
================================================================================
2025-11-10 17:37:25 - __main__ - INFO - PIPELINE COMPLETO FINALIZADO EXITOSAMENTE
2025-11-10 17:37:25 - __main__ - INFO - ================================================================================
2025-11-10 17:37:25 - __main__ - INFO - 
ARCHIVOS GENERADOS:
2025-11-10 17:37:25 - __main__ - INFO -    Datos procesados: data/processed/
2025-11-10 17:37:25 - __main__ - INFO -    Modelos entrenados: trained_models/
2025-11-10 17:37:25 - __main__ - INFO -    Figuras: reports/figures/
2025-11-10 17:37:25 - __main__ - INFO -    Comparación: trained_models/model_comparison.csv
2025-11-10 17:37:25 - __main__ - INFO -    Log completo: logs/main_pipeline.log
