2025-11-11 09:29:48 - __main__ - INFO - 
================================================================================
2025-11-11 09:29:48 - __main__ - INFO - PIPELINE PYCARET - AUTOML
2025-11-11 09:29:48 - __main__ - INFO - ================================================================================
2025-11-11 09:29:48 - __main__ - INFO - 
>>> Datos procesados encontrados. Omitiendo preprocesamiento...
2025-11-11 09:29:48 - __main__ - INFO - 
================================================================================
2025-11-11 09:29:48 - __main__ - INFO - ANALISIS CON PYCARET
2025-11-11 09:29:48 - __main__ - INFO - ================================================================================
2025-11-11 09:30:32 - __main__ - INFO - 
================================================================================
2025-11-11 09:30:32 - __main__ - INFO - RESUMEN FINAL
2025-11-11 09:30:32 - __main__ - INFO - ================================================================================
2025-11-11 09:30:32 - __main__ - INFO -   Accuracy: 0.9265
2025-11-11 09:30:32 - __main__ - INFO -   Precision: 0.8333
2025-11-11 09:30:32 - __main__ - INFO -   Recall: 0.6769
2025-11-11 09:30:32 - __main__ - INFO -   F1-Score: 0.7470
2025-11-11 09:30:32 - __main__ - INFO -   ROC-AUC: 0.1839
2025-11-11 09:30:32 - __main__ - INFO - 
================================================================================
2025-11-11 09:30:32 - __main__ - INFO - PIPELINE PYCARET FINALIZADO EXITOSAMENTE
2025-11-11 09:30:32 - __main__ - INFO - ================================================================================
2025-11-11 09:30:32 - __main__ - INFO - 
ARCHIVOS GENERADOS:
2025-11-11 09:30:32 - __main__ - INFO -    Datos procesados: data/processed/
2025-11-11 09:30:32 - __main__ - INFO -    Modelo: trained_models/pycaret/
2025-11-11 09:30:32 - __main__ - INFO -    Resultados: reports/pycaret/
2025-11-11 09:30:32 - __main__ - INFO -    Figuras: reports/figures/pycaret/
2025-11-11 09:30:32 - __main__ - INFO -    Log completo: logs/pycaret_pipeline.log
